../Core/Src/main.c:78:5:main	16	static
../Core/Src/main.c:158:6:SystemClock_Config	96	static
../Core/Src/main.c:208:13:MX_DAC1_Init	48	static
../Core/Src/main.c:252:13:MX_TIM2_Init	40	static
../Core/Src/main.c:297:13:MX_USART2_UART_Init	8	static
../Core/Src/main.c:330:13:MX_DMA_Init	16	static
../Core/Src/main.c:348:13:MX_GPIO_Init	48	static
../Core/Src/main.c:389:1:__io_putchar	16	static
../Core/Src/main.c:400:6:HAL_DAC_ConvCpltCallbackCh1	16	static
../Core/Src/main.c:407:6:SW_SineWave	24	static
../Core/Src/main.c:425:6:HAL_TIM_PeriodElapsedCallback	16	static
../Core/Src/main.c:446:6:Error_Handler	4	static,ignoring_inline_asm
