../Core/Src/main.c:108:5:main	8	static
../Core/Src/main.c:209:6:SystemClock_Config	96	static
../Core/Src/main.c:259:13:MX_ADC3_Init	32	static
../Core/Src/main.c:317:13:MX_DAC1_Init	48	static
../Core/Src/main.c:361:13:MX_TIM2_Init	40	static
../Core/Src/main.c:406:13:MX_TIM3_Init	40	static
../Core/Src/main.c:451:13:MX_TIM7_Init	24	static
../Core/Src/main.c:489:13:MX_TIM17_Init	8	static
../Core/Src/main.c:521:13:MX_USART2_UART_Init	8	static
../Core/Src/main.c:554:13:MX_DMA_Init	16	static
../Core/Src/main.c:576:13:MX_GPIO_Init	48	static
../Core/Src/main.c:668:1:__io_putchar	16	static
../Core/Src/main.c:679:6:HAL_DAC_ConvCpltCallbackCh1	16	static
../Core/Src/main.c:686:6:SW_SineWave	24	static
../Core/Src/main.c:701:6:Start_the_DAC_DMA	16	static
../Core/Src/main.c:725:6:change_points_per_cycle	8	static
../Core/Src/main.c:757:6:HAL_GPIO_EXTI_Callback	16	static,ignoring_inline_asm
../Core/Src/main.c:777:6:HAL_ADC_ConvCpltCallback	40	static
../Core/Src/main.c:819:6:HAL_TIM_PeriodElapsedCallback	16	static
../Core/Src/main.c:844:6:Error_Handler	4	static,ignoring_inline_asm
