../Core/Src/MultiFunctionShield.c:30:6:shiftOut	32	static
../Core/Src/MultiFunctionShield.c:76:6:MultiFunctionShield_Single_Digit_Display	16	static
../Core/Src/MultiFunctionShield.c:92:6:set_Decimal_Point	16	static
../Core/Src/MultiFunctionShield.c:98:6:Display_the_FULL	4	static
../Core/Src/MultiFunctionShield.c:108:6:MultiFunctionShield_Display	16	static
../Core/Src/MultiFunctionShield.c:165:6:MultiFunctionShield_Display_PWM	16	static
../Core/Src/MultiFunctionShield.c:178:6:Clear_LEDs	8	static
../Core/Src/MultiFunctionShield.c:196:6:MultiFunctionShield_Clear	4	static
../Core/Src/MultiFunctionShield.c:207:6:MultiFunctionShield_WriteNumberToSegment	24	static
../Core/Src/MultiFunctionShield.c:219:6:Display_Waiting	4	static
../Core/Src/MultiFunctionShield.c:227:6:Display_All	8	static
../Core/Src/MultiFunctionShield.c:232:6:disp_adc_on_7seg	40	static
../Core/Src/MultiFunctionShield.c:258:6:MultiFunctionShield__ISRFunc	8	static
